---
http_interactions:
- request:
    method: get
    uri: https://www.ncbi.nlm.nih.gov/pmc/utils/idconv/v1.0/?email=noreply@datacite.org&format=json&ids=19749171&idtype=pmid&tool=Lagotto%20-%20http://10.2.2.6
    body:
      encoding: US-ASCII
      string: ''
    headers:
      User-Agent:
      - Lagotto - http://10.2.2.6
      Accept:
      - application/json
  response:
    status:
      code: 200
      message: ''
    headers:
      Date:
      - Fri, 06 May 2016 20:34:14 GMT
      Server:
      - Apache
      Content-Type:
      - application/json; charset=ISO-8859-1
      Vary:
      - Accept-Encoding
      X-Ua-Compatible:
      - IE=Edge
    body:
      encoding: UTF-8
      string: |
        {
         "status": "ok",
         "responseDate": "2016-05-06 16:34:14",
         "request": "email=noreply%40datacite.org;format=json;ids=19749171;idtype=pmid;tool=Lagotto%20-%20http%3A%2F%2F10.2.2.6",
         "records": [
           {
            "pmcid": "PMC2763780",
            "pmid": "19749171",
            "doi": "10.1124/pr.109.001263",
            "versions": [
              {
               "pmcid": "PMC2763780.1",
               "current": "true"
              }
            ]
           }
         ]
        }
    http_version: 
  recorded_at: Fri, 06 May 2016 20:34:14 GMT
- request:
    method: get
    uri: https://www.ncbi.nlm.nih.gov/pmc/utils/idconv/v1.0/?email=noreply@datacite.org&format=json&ids=19776281&idtype=pmid&tool=Lagotto%20-%20http://10.2.2.6
    body:
      encoding: US-ASCII
      string: ''
    headers:
      User-Agent:
      - Lagotto - http://10.2.2.6
      Accept:
      - application/json
  response:
    status:
      code: 200
      message: ''
    headers:
      Date:
      - Fri, 06 May 2016 20:34:14 GMT
      Server:
      - Apache
      Content-Type:
      - application/json; charset=ISO-8859-1
      Vary:
      - Accept-Encoding
      X-Ua-Compatible:
      - IE=Edge
    body:
      encoding: UTF-8
      string: |
        {
         "status": "ok",
         "responseDate": "2016-05-06 16:34:14",
         "request": "email=noreply%40datacite.org;format=json;ids=19776281;idtype=pmid;tool=Lagotto%20-%20http%3A%2F%2F10.2.2.6",
         "records": [
           {
            "pmcid": "PMC2782675",
            "pmid": "19776281",
            "doi": "10.1523/JNEUROSCI.2643-09.2009",
            "versions": [
              {
               "pmcid": "PMC2782675.1",
               "mid": "NIHMS155881",
               "current": "true"
              }
            ]
           }
         ]
        }
    http_version: 
  recorded_at: Fri, 06 May 2016 20:34:14 GMT
- request:
    method: get
    uri: https://www.ncbi.nlm.nih.gov/pmc/utils/idconv/v1.0/?email=noreply@datacite.org&format=json&ids=19308318&idtype=pmid&tool=Lagotto%20-%20http://10.2.2.6
    body:
      encoding: US-ASCII
      string: ''
    headers:
      User-Agent:
      - Lagotto - http://10.2.2.6
      Accept:
      - application/json
  response:
    status:
      code: 200
      message: ''
    headers:
      Date:
      - Fri, 06 May 2016 20:34:15 GMT
      Server:
      - Apache
      Content-Type:
      - application/json; charset=ISO-8859-1
      Vary:
      - Accept-Encoding
      X-Ua-Compatible:
      - IE=Edge
    body:
      encoding: UTF-8
      string: |
        {
         "status": "ok",
         "responseDate": "2016-05-06 16:34:15",
         "request": "email=noreply%40datacite.org;format=json;ids=19308318;idtype=pmid;tool=Lagotto%20-%20http%3A%2F%2F10.2.2.6",
         "records": [
           {
            "pmid": "19308318",
            "live": "false",
            "status": "error",
            "errmsg": "invalid article id"
           }
         ]
        }
    http_version: 
  recorded_at: Fri, 06 May 2016 20:34:15 GMT
- request:
    method: get
    uri: https://www.ncbi.nlm.nih.gov/pmc/utils/idconv/v1.0/?email=noreply@datacite.org&format=json&ids=21196160&idtype=pmid&tool=Lagotto%20-%20http://10.2.2.6
    body:
      encoding: US-ASCII
      string: ''
    headers:
      User-Agent:
      - Lagotto - http://10.2.2.6
      Accept:
      - application/json
  response:
    status:
      code: 200
      message: ''
    headers:
      Date:
      - Fri, 06 May 2016 20:34:16 GMT
      Server:
      - Apache
      Content-Type:
      - application/json; charset=ISO-8859-1
      Vary:
      - Accept-Encoding
      X-Ua-Compatible:
      - IE=Edge
    body:
      encoding: UTF-8
      string: |
        {
         "status": "ok",
         "responseDate": "2016-05-06 16:34:16",
         "request": "email=noreply%40datacite.org;format=json;ids=21196160;idtype=pmid;tool=Lagotto%20-%20http%3A%2F%2F10.2.2.6",
         "records": [
           {
            "pmcid": "PMC3051412",
            "pmid": "21196160",
            "versions": [
              {
               "pmcid": "PMC3051412.1",
               "mid": "NIHMS212690",
               "current": "true"
              }
            ]
           }
         ]
        }
    http_version: 
  recorded_at: Fri, 06 May 2016 20:34:16 GMT
- request:
    method: get
    uri: https://www.ncbi.nlm.nih.gov/pmc/utils/idconv/v1.0/?email=noreply@datacite.org&format=json&ids=20107070&idtype=pmid&tool=Lagotto%20-%20http://10.2.2.6
    body:
      encoding: US-ASCII
      string: ''
    headers:
      User-Agent:
      - Lagotto - http://10.2.2.6
      Accept:
      - application/json
  response:
    status:
      code: 200
      message: ''
    headers:
      Date:
      - Fri, 06 May 2016 20:34:16 GMT
      Server:
      - Apache
      Content-Type:
      - application/json; charset=ISO-8859-1
      Vary:
      - Accept-Encoding
      X-Ua-Compatible:
      - IE=Edge
    body:
      encoding: UTF-8
      string: |
        {
         "status": "ok",
         "responseDate": "2016-05-06 16:34:16",
         "request": "email=noreply%40datacite.org;format=json;ids=20107070;idtype=pmid;tool=Lagotto%20-%20http%3A%2F%2F10.2.2.6",
         "records": [
           {
            "pmcid": "PMC2824913",
            "pmid": "20107070",
            "doi": "10.1523/JNEUROSCI.5150-09.2010",
            "versions": [
              {
               "pmcid": "PMC2824913.1",
               "mid": "NIHMS173801",
               "current": "true"
              }
            ]
           }
         ]
        }
    http_version: 
  recorded_at: Fri, 06 May 2016 20:34:16 GMT
- request:
    method: get
    uri: https://www.ncbi.nlm.nih.gov/pmc/utils/idconv/v1.0/?email=noreply@datacite.org&format=json&ids=17275915&idtype=pmid&tool=Lagotto%20-%20http://10.2.2.6
    body:
      encoding: US-ASCII
      string: ''
    headers:
      User-Agent:
      - Lagotto - http://10.2.2.6
      Accept:
      - application/json
  response:
    status:
      code: 200
      message: ''
    headers:
      Date:
      - Fri, 06 May 2016 20:34:17 GMT
      Server:
      - Apache
      Content-Type:
      - application/json; charset=ISO-8859-1
      Vary:
      - Accept-Encoding
      X-Ua-Compatible:
      - IE=Edge
    body:
      encoding: UTF-8
      string: |
        {
         "status": "ok",
         "responseDate": "2016-05-06 16:34:17",
         "request": "email=noreply%40datacite.org;format=json;ids=17275915;idtype=pmid;tool=Lagotto%20-%20http%3A%2F%2F10.2.2.6",
         "records": [
           {
            "pmcid": "PMC1976277",
            "pmid": "17275915",
            "doi": "10.1016/j.plipres.2006.11.001",
            "versions": [
              {
               "pmcid": "PMC1976277.1",
               "mid": "NIHMS23764",
               "current": "true"
              }
            ]
           }
         ]
        }
    http_version: 
  recorded_at: Fri, 06 May 2016 20:34:17 GMT
- request:
    method: get
    uri: https://www.ncbi.nlm.nih.gov/pmc/utils/idconv/v1.0/?email=noreply@datacite.org&format=json&ids=21270352&idtype=pmid&tool=Lagotto%20-%20http://10.2.2.6
    body:
      encoding: US-ASCII
      string: ''
    headers:
      User-Agent:
      - Lagotto - http://10.2.2.6
      Accept:
      - application/json
  response:
    status:
      code: 200
      message: ''
    headers:
      Date:
      - Fri, 06 May 2016 20:34:17 GMT
      Server:
      - Apache
      Content-Type:
      - application/json; charset=ISO-8859-1
      Vary:
      - Accept-Encoding
      X-Ua-Compatible:
      - IE=Edge
    body:
      encoding: UTF-8
      string: |
        {
         "status": "ok",
         "responseDate": "2016-05-06 16:34:17",
         "request": "email=noreply%40datacite.org;format=json;ids=21270352;idtype=pmid;tool=Lagotto%20-%20http%3A%2F%2F10.2.2.6",
         "records": [
           {
            "pmcid": "PMC3098654",
            "pmid": "21270352",
            "doi": "10.1152/japplphysiol.01227.2010",
            "versions": [
              {
               "pmcid": "PMC3098654.1",
               "current": "true"
              }
            ]
           }
         ]
        }
    http_version: 
  recorded_at: Fri, 06 May 2016 20:34:17 GMT
- request:
    method: get
    uri: https://www.ncbi.nlm.nih.gov/pmc/utils/idconv/v1.0/?email=noreply@datacite.org&format=json&ids=21116297&idtype=pmid&tool=Lagotto%20-%20http://10.2.2.6
    body:
      encoding: US-ASCII
      string: ''
    headers:
      User-Agent:
      - Lagotto - http://10.2.2.6
      Accept:
      - application/json
  response:
    status:
      code: 200
      message: ''
    headers:
      Date:
      - Fri, 06 May 2016 20:34:18 GMT
      Server:
      - Apache
      Content-Type:
      - application/json; charset=ISO-8859-1
      Vary:
      - Accept-Encoding
      X-Ua-Compatible:
      - IE=Edge
    body:
      encoding: UTF-8
      string: |
        {
         "status": "ok",
         "responseDate": "2016-05-06 16:34:18",
         "request": "email=noreply%40datacite.org;format=json;ids=21116297;idtype=pmid;tool=Lagotto%20-%20http%3A%2F%2F10.2.2.6",
         "records": [
           {
            "pmid": "21116297",
            "live": "false",
            "status": "error",
            "errmsg": "invalid article id"
           }
         ]
        }
    http_version: 
  recorded_at: Fri, 06 May 2016 20:34:18 GMT
- request:
    method: get
    uri: https://www.ncbi.nlm.nih.gov/pmc/utils/idconv/v1.0/?email=noreply@datacite.org&format=json&ids=17927775&idtype=pmid&tool=Lagotto%20-%20http://10.2.2.6
    body:
      encoding: US-ASCII
      string: ''
    headers:
      User-Agent:
      - Lagotto - http://10.2.2.6
      Accept:
      - application/json
  response:
    status:
      code: 200
      message: ''
    headers:
      Date:
      - Fri, 06 May 2016 20:34:19 GMT
      Server:
      - Apache
      Content-Type:
      - application/json; charset=ISO-8859-1
      Vary:
      - Accept-Encoding
      X-Ua-Compatible:
      - IE=Edge
    body:
      encoding: UTF-8
      string: |
        {
         "status": "ok",
         "responseDate": "2016-05-06 16:34:19",
         "request": "email=noreply%40datacite.org;format=json;ids=17927775;idtype=pmid;tool=Lagotto%20-%20http%3A%2F%2F10.2.2.6",
         "records": [
           {
            "pmid": "17927775",
            "live": "false",
            "status": "error",
            "errmsg": "invalid article id"
           }
         ]
        }
    http_version: 
  recorded_at: Fri, 06 May 2016 20:34:19 GMT
- request:
    method: get
    uri: https://www.ncbi.nlm.nih.gov/pmc/utils/idconv/v1.0/?email=noreply@datacite.org&format=json&ids=19949811&idtype=pmid&tool=Lagotto%20-%20http://10.2.2.6
    body:
      encoding: US-ASCII
      string: ''
    headers:
      User-Agent:
      - Lagotto - http://10.2.2.6
      Accept:
      - application/json
  response:
    status:
      code: 200
      message: ''
    headers:
      Date:
      - Fri, 06 May 2016 20:34:19 GMT
      Server:
      - Apache
      Content-Type:
      - application/json; charset=ISO-8859-1
      Vary:
      - Accept-Encoding
      X-Ua-Compatible:
      - IE=Edge
    body:
      encoding: UTF-8
      string: |
        {
         "status": "ok",
         "responseDate": "2016-05-06 16:34:19",
         "request": "email=noreply%40datacite.org;format=json;ids=19949811;idtype=pmid;tool=Lagotto%20-%20http%3A%2F%2F10.2.2.6",
         "records": [
           {
            "pmid": "19949811",
            "live": "false",
            "status": "error",
            "errmsg": "invalid article id"
           }
         ]
        }
    http_version: 
  recorded_at: Fri, 06 May 2016 20:34:19 GMT
- request:
    method: get
    uri: https://www.ncbi.nlm.nih.gov/pmc/utils/idconv/v1.0/?email=noreply@datacite.org&format=json&ids=18413319&idtype=pmid&tool=Lagotto%20-%20http://10.2.2.6
    body:
      encoding: US-ASCII
      string: ''
    headers:
      User-Agent:
      - Lagotto - http://10.2.2.6
      Accept:
      - application/json
  response:
    status:
      code: 200
      message: ''
    headers:
      Date:
      - Fri, 06 May 2016 20:34:20 GMT
      Server:
      - Apache
      Content-Type:
      - application/json; charset=ISO-8859-1
      Vary:
      - Accept-Encoding
      X-Ua-Compatible:
      - IE=Edge
    body:
      encoding: UTF-8
      string: |
        {
         "status": "ok",
         "responseDate": "2016-05-06 16:34:20",
         "request": "email=noreply%40datacite.org;format=json;ids=18413319;idtype=pmid;tool=Lagotto%20-%20http%3A%2F%2F10.2.2.6",
         "records": [
           {
            "pmid": "18413319",
            "live": "false",
            "status": "error",
            "errmsg": "invalid article id"
           }
         ]
        }
    http_version: 
  recorded_at: Fri, 06 May 2016 20:34:20 GMT
- request:
    method: get
    uri: https://www.ncbi.nlm.nih.gov/pmc/utils/idconv/v1.0/?email=noreply@datacite.org&format=json&ids=19252922&idtype=pmid&tool=Lagotto%20-%20http://10.2.2.6
    body:
      encoding: US-ASCII
      string: ''
    headers:
      User-Agent:
      - Lagotto - http://10.2.2.6
      Accept:
      - application/json
  response:
    status:
      code: 200
      message: ''
    headers:
      Date:
      - Fri, 06 May 2016 20:34:20 GMT
      Server:
      - Apache
      Content-Type:
      - application/json; charset=ISO-8859-1
      Vary:
      - Accept-Encoding
      X-Ua-Compatible:
      - IE=Edge
    body:
      encoding: UTF-8
      string: |
        {
         "status": "ok",
         "responseDate": "2016-05-06 16:34:20",
         "request": "email=noreply%40datacite.org;format=json;ids=19252922;idtype=pmid;tool=Lagotto%20-%20http%3A%2F%2F10.2.2.6",
         "records": [
           {
            "pmid": "19252922",
            "live": "false",
            "status": "error",
            "errmsg": "invalid article id"
           }
         ]
        }
    http_version: 
  recorded_at: Fri, 06 May 2016 20:34:20 GMT
- request:
    method: get
    uri: https://www.ncbi.nlm.nih.gov/pmc/utils/idconv/v1.0/?email=noreply@datacite.org&format=json&ids=19515980&idtype=pmid&tool=Lagotto%20-%20http://10.2.2.6
    body:
      encoding: US-ASCII
      string: ''
    headers:
      User-Agent:
      - Lagotto - http://10.2.2.6
      Accept:
      - application/json
  response:
    status:
      code: 200
      message: ''
    headers:
      Date:
      - Fri, 06 May 2016 20:34:21 GMT
      Server:
      - Apache
      Content-Type:
      - application/json; charset=ISO-8859-1
      Vary:
      - Accept-Encoding
      X-Ua-Compatible:
      - IE=Edge
    body:
      encoding: UTF-8
      string: |
        {
         "status": "ok",
         "responseDate": "2016-05-06 16:34:21",
         "request": "email=noreply%40datacite.org;format=json;ids=19515980;idtype=pmid;tool=Lagotto%20-%20http%3A%2F%2F10.2.2.6",
         "records": [
           {
            "pmcid": "PMC2724239",
            "pmid": "19515980",
            "doi": "10.1152/ajpregu.91026.2008",
            "versions": [
              {
               "pmcid": "PMC2724239.1",
               "current": "true"
              }
            ]
           }
         ]
        }
    http_version: 
  recorded_at: Fri, 06 May 2016 20:34:21 GMT
- request:
    method: get
    uri: https://www.ncbi.nlm.nih.gov/pmc/utils/idconv/v1.0/?email=noreply@datacite.org&format=json&ids=18617624&idtype=pmid&tool=Lagotto%20-%20http://10.2.2.6
    body:
      encoding: US-ASCII
      string: ''
    headers:
      User-Agent:
      - Lagotto - http://10.2.2.6
      Accept:
      - application/json
  response:
    status:
      code: 200
      message: ''
    headers:
      Date:
      - Fri, 06 May 2016 20:34:22 GMT
      Server:
      - Apache
      Content-Type:
      - application/json; charset=ISO-8859-1
      Vary:
      - Accept-Encoding
      X-Ua-Compatible:
      - IE=Edge
    body:
      encoding: UTF-8
      string: |
        {
         "status": "ok",
         "responseDate": "2016-05-06 16:34:22",
         "request": "email=noreply%40datacite.org;format=json;ids=18617624;idtype=pmid;tool=Lagotto%20-%20http%3A%2F%2F10.2.2.6",
         "records": [
           {
            "pmcid": "PMC2576030",
            "pmid": "18617624",
            "doi": "10.1152/japplphysiol.90619.2008",
            "versions": [
              {
               "pmcid": "PMC2576030.1",
               "current": "true"
              }
            ]
           }
         ]
        }
    http_version: 
  recorded_at: Fri, 06 May 2016 20:34:22 GMT
- request:
    method: get
    uri: https://www.ncbi.nlm.nih.gov/pmc/utils/idconv/v1.0/?email=noreply@datacite.org&format=json&ids=18386391&idtype=pmid&tool=Lagotto%20-%20http://10.2.2.6
    body:
      encoding: US-ASCII
      string: ''
    headers:
      User-Agent:
      - Lagotto - http://10.2.2.6
      Accept:
      - application/json
  response:
    status:
      code: 200
      message: ''
    headers:
      Date:
      - Fri, 06 May 2016 20:34:22 GMT
      Server:
      - Apache
      Content-Type:
      - application/json; charset=ISO-8859-1
      Vary:
      - Accept-Encoding
      X-Ua-Compatible:
      - IE=Edge
    body:
      encoding: UTF-8
      string: |
        {
         "status": "ok",
         "responseDate": "2016-05-06 16:34:22",
         "request": "email=noreply%40datacite.org;format=json;ids=18386391;idtype=pmid;tool=Lagotto%20-%20http%3A%2F%2F10.2.2.6",
         "records": [
           {
            "pmid": "18386391",
            "live": "false",
            "status": "error",
            "errmsg": "invalid article id"
           }
         ]
        }
    http_version: 
  recorded_at: Fri, 06 May 2016 20:34:22 GMT
- request:
    method: get
    uri: https://www.ncbi.nlm.nih.gov/pmc/utils/idconv/v1.0/?email=noreply@datacite.org&format=json&ids=20393159&idtype=pmid&tool=Lagotto%20-%20http://10.2.2.6
    body:
      encoding: US-ASCII
      string: ''
    headers:
      User-Agent:
      - Lagotto - http://10.2.2.6
      Accept:
      - application/json
  response:
    status:
      code: 200
      message: ''
    headers:
      Date:
      - Fri, 06 May 2016 20:34:23 GMT
      Server:
      - Apache
      Content-Type:
      - application/json; charset=ISO-8859-1
      Vary:
      - Accept-Encoding
      X-Ua-Compatible:
      - IE=Edge
    body:
      encoding: UTF-8
      string: |
        {
         "status": "ok",
         "responseDate": "2016-05-06 16:34:23",
         "request": "email=noreply%40datacite.org;format=json;ids=20393159;idtype=pmid;tool=Lagotto%20-%20http%3A%2F%2F10.2.2.6",
         "records": [
           {
            "pmcid": "PMC2886697",
            "pmid": "20393159",
            "doi": "10.1152/ajpregu.00158.2010",
            "versions": [
              {
               "pmcid": "PMC2886697.1",
               "current": "true"
              }
            ]
           }
         ]
        }
    http_version: 
  recorded_at: Fri, 06 May 2016 20:34:23 GMT
- request:
    method: get
    uri: https://www.ncbi.nlm.nih.gov/pmc/utils/idconv/v1.0/?email=noreply@datacite.org&format=json&ids=20416284&idtype=pmid&tool=Lagotto%20-%20http://10.2.2.6
    body:
      encoding: US-ASCII
      string: ''
    headers:
      User-Agent:
      - Lagotto - http://10.2.2.6
      Accept:
      - application/json
  response:
    status:
      code: 200
      message: ''
    headers:
      Date:
      - Fri, 06 May 2016 20:34:23 GMT
      Server:
      - Apache
      Content-Type:
      - application/json; charset=ISO-8859-1
      Vary:
      - Accept-Encoding
      X-Ua-Compatible:
      - IE=Edge
    body:
      encoding: UTF-8
      string: |
        {
         "status": "ok",
         "responseDate": "2016-05-06 16:34:23",
         "request": "email=noreply%40datacite.org;format=json;ids=20416284;idtype=pmid;tool=Lagotto%20-%20http%3A%2F%2F10.2.2.6",
         "records": [
           {
            "pmid": "20416284",
            "live": "false",
            "status": "error",
            "errmsg": "invalid article id"
           }
         ]
        }
    http_version: 
  recorded_at: Fri, 06 May 2016 20:34:23 GMT
- request:
    method: get
    uri: https://www.ncbi.nlm.nih.gov/pmc/utils/idconv/v1.0/?email=noreply@datacite.org&format=json&ids=22389645&idtype=pmid&tool=Lagotto%20-%20http://10.2.2.6
    body:
      encoding: US-ASCII
      string: ''
    headers:
      User-Agent:
      - Lagotto - http://10.2.2.6
      Accept:
      - application/json
  response:
    status:
      code: 200
      message: ''
    headers:
      Date:
      - Fri, 06 May 2016 20:34:24 GMT
      Server:
      - Apache
      Content-Type:
      - application/json; charset=ISO-8859-1
      Vary:
      - Accept-Encoding
      X-Ua-Compatible:
      - IE=Edge
    body:
      encoding: UTF-8
      string: |
        {
         "status": "ok",
         "responseDate": "2016-05-06 16:34:24",
         "request": "email=noreply%40datacite.org;format=json;ids=22389645;idtype=pmid;tool=Lagotto%20-%20http%3A%2F%2F10.2.2.6",
         "records": [
           {
            "pmcid": "PMC3292175",
            "pmid": "22389645",
            "doi": "10.3389/fendo.2012.00005",
            "versions": [
              {
               "pmcid": "PMC3292175.1",
               "mid": "NIHMS357858"
              },
              {
               "pmcid": "PMC3292175.2",
               "current": "true"
              }
            ]
           }
         ]
        }
    http_version: 
  recorded_at: Fri, 06 May 2016 20:34:24 GMT
- request:
    method: get
    uri: https://www.ncbi.nlm.nih.gov/pmc/utils/idconv/v1.0/?email=noreply@datacite.org&format=json&ids=18686574&idtype=pmid&tool=Lagotto%20-%20http://10.2.2.6
    body:
      encoding: US-ASCII
      string: ''
    headers:
      User-Agent:
      - Lagotto - http://10.2.2.6
      Accept:
      - application/json
  response:
    status:
      code: 200
      message: ''
    headers:
      Date:
      - Fri, 06 May 2016 20:34:25 GMT
      Server:
      - Apache
      Content-Type:
      - application/json; charset=ISO-8859-1
      Vary:
      - Accept-Encoding
      X-Ua-Compatible:
      - IE=Edge
    body:
      encoding: UTF-8
      string: |
        {
         "status": "ok",
         "responseDate": "2016-05-06 16:34:25",
         "request": "email=noreply%40datacite.org;format=json;ids=18686574;idtype=pmid;tool=Lagotto%20-%20http%3A%2F%2F10.2.2.6",
         "records": [
           {
            "pmid": "18686574",
            "live": "false",
            "status": "error",
            "errmsg": "invalid article id"
           }
         ]
        }
    http_version: 
  recorded_at: Fri, 06 May 2016 20:34:25 GMT
- request:
    method: get
    uri: https://www.ncbi.nlm.nih.gov/pmc/utils/idconv/v1.0/?email=noreply@datacite.org&format=json&ids=19937527&idtype=pmid&tool=Lagotto%20-%20http://10.2.2.6
    body:
      encoding: US-ASCII
      string: ''
    headers:
      User-Agent:
      - Lagotto - http://10.2.2.6
      Accept:
      - application/json
  response:
    status:
      code: 200
      message: ''
    headers:
      Date:
      - Fri, 06 May 2016 20:34:25 GMT
      Server:
      - Apache
      Content-Type:
      - application/json; charset=ISO-8859-1
      Vary:
      - Accept-Encoding
      X-Ua-Compatible:
      - IE=Edge
    body:
      encoding: UTF-8
      string: |
        {
         "status": "ok",
         "responseDate": "2016-05-06 16:34:25",
         "request": "email=noreply%40datacite.org;format=json;ids=19937527;idtype=pmid;tool=Lagotto%20-%20http%3A%2F%2F10.2.2.6",
         "records": [
           {
            "pmid": "19937527",
            "live": "false",
            "status": "error",
            "errmsg": "invalid article id"
           }
         ]
        }
    http_version: 
  recorded_at: Fri, 06 May 2016 20:34:25 GMT
- request:
    method: get
    uri: https://www.ncbi.nlm.nih.gov/pmc/utils/idconv/v1.0/?email=noreply@datacite.org&format=json&ids=21113688&idtype=pmid&tool=Lagotto%20-%20http://10.2.2.6
    body:
      encoding: US-ASCII
      string: ''
    headers:
      User-Agent:
      - Lagotto - http://10.2.2.6
      Accept:
      - application/json
  response:
    status:
      code: 200
      message: ''
    headers:
      Date:
      - Fri, 06 May 2016 20:34:26 GMT
      Server:
      - Apache
      Content-Type:
      - application/json; charset=ISO-8859-1
      Vary:
      - Accept-Encoding
      X-Ua-Compatible:
      - IE=Edge
    body:
      encoding: UTF-8
      string: |
        {
         "status": "ok",
         "responseDate": "2016-05-06 16:34:26",
         "request": "email=noreply%40datacite.org;format=json;ids=21113688;idtype=pmid;tool=Lagotto%20-%20http%3A%2F%2F10.2.2.6",
         "records": [
           {
            "pmid": "21113688",
            "live": "false",
            "status": "error",
            "errmsg": "invalid article id"
           }
         ]
        }
    http_version: 
  recorded_at: Fri, 06 May 2016 20:34:26 GMT
- request:
    method: get
    uri: https://www.ncbi.nlm.nih.gov/pmc/utils/idconv/v1.0/?email=noreply@datacite.org&format=json&ids=21142998&idtype=pmid&tool=Lagotto%20-%20http://10.2.2.6
    body:
      encoding: US-ASCII
      string: ''
    headers:
      User-Agent:
      - Lagotto - http://10.2.2.6
      Accept:
      - application/json
  response:
    status:
      code: 200
      message: ''
    headers:
      Date:
      - Fri, 06 May 2016 20:34:26 GMT
      Server:
      - Apache
      Content-Type:
      - application/json; charset=ISO-8859-1
      Vary:
      - Accept-Encoding
      X-Ua-Compatible:
      - IE=Edge
    body:
      encoding: UTF-8
      string: |
        {
         "status": "ok",
         "responseDate": "2016-05-06 16:34:26",
         "request": "email=noreply%40datacite.org;format=json;ids=21142998;idtype=pmid;tool=Lagotto%20-%20http%3A%2F%2F10.2.2.6",
         "records": [
           {
            "pmid": "21142998",
            "live": "false",
            "status": "error",
            "errmsg": "invalid article id"
           }
         ]
        }
    http_version: 
  recorded_at: Fri, 06 May 2016 20:34:26 GMT
- request:
    method: get
    uri: https://www.ncbi.nlm.nih.gov/pmc/utils/idconv/v1.0/?email=noreply@datacite.org&format=json&ids=22823405&idtype=pmid&tool=Lagotto%20-%20http://10.2.2.6
    body:
      encoding: US-ASCII
      string: ''
    headers:
      User-Agent:
      - Lagotto - http://10.2.2.6
      Accept:
      - application/json
  response:
    status:
      code: 200
      message: ''
    headers:
      Date:
      - Fri, 06 May 2016 20:34:27 GMT
      Server:
      - Apache
      Content-Type:
      - application/json; charset=ISO-8859-1
      Vary:
      - Accept-Encoding
      X-Ua-Compatible:
      - IE=Edge
    body:
      encoding: UTF-8
      string: |
        {
         "status": "ok",
         "responseDate": "2016-05-06 16:34:27",
         "request": "email=noreply%40datacite.org;format=json;ids=22823405;idtype=pmid;tool=Lagotto%20-%20http%3A%2F%2F10.2.2.6",
         "records": [
           {
            "pmcid": "PMC3443659",
            "pmid": "22823405",
            "doi": "10.1186/1471-2105-13-174",
            "versions": [
              {
               "pmcid": "PMC3443659.1",
               "current": "true"
              }
            ]
           }
         ]
        }
    http_version: 
  recorded_at: Fri, 06 May 2016 20:34:27 GMT
recorded_with: VCR 2.9.3
